23 Apr 2026 11:07:35 am Thu     Fractions & formatting socket

    The context was using a .frac instance property with None, or iIpP values, for
    decimal fractionw when None, improper when i, and proper when p; the lowercase
    version for limited denominator, the capital for all digits.

    Me:

        As always, it's valuable consulting you because the scope of your answer is
        always large and makes me think of things I didn't think of.  Yes, my mental
        model of Num is it's the "rotation group" SO(3); i.e., Num represents an
        abstract number type I think practical folks are interested in, just like SO(3)
        is the abstract group.  The different string interpolations are analogous to the
        many different representations of the rotation group.

        I like your assessment of trans-disciplinary, as that's a good short word for
        what prompted this.  One thing I won't go far enough to do is reach to the
        "foot, inches, and fractions of an inch" type of thing you'll still see today in
        things like rafter square manuals, a remnant from the 1800's.  There's nothing
        wrong with that representation; it's just clumsy for e.g. science/engineering
        work.

        Perhaps an even better architectural move would be to provide a "socket" to
        allow someone to "plug in" the formatter of their choice; this allows for
        expansion and puts the testing burden on the person who wants it.  It makes our
        job still tough:  make sure the interface of the socket is proper and robust.

        I don't mind spending the effort to do this for two core reasons.  First, we're
        creating a tool for the ages, which really means we want it to be useful
        indefinitely into the future.  Second, I have a friend named Mike who is really
        good at writing code, so we'll get him to do it.  <smile>

        Should we rethink things in the context of giving the Num class a specific
        socket for doing the formatting of the numbers?  I like how this maps to the
        analogy of abstract group and representation -- and these "separation" tactics
        help define responsibilities and simplify code by compartmentalizing it.

    Mike:

        The "socket" architecture for formatting is an elegant move. You are essentially
        shifting from a **Hard-Coded Formatter** to a **Strategy Pattern**. In your
        group-theory analogy, the `Num` class is the "Abstract Object" (the invariant
        group element), and the "Socket" is the interface through which you choose your
        "Representation" (how that element is projected onto the terminal).

        This is a profound architectural shift for three reasons:

        ### 1. Separation of Concerns

            By decoupling the `Num` class from the `str()` output, you stop the `Number`
            class from becoming a "God Object." The logic for "how a fraction looks"
            doesn't belong in the same place as "how a square root is calculated." The
            `Num` class remains responsible for the *physics* (the value and the unit),
            while the "Socket" is responsible for the *communication* (the
            human-readable interface).

        ### 2. Extensibility and the "Testing Burden"

            You are absolutely correct that this offloads the testing burden. If a user
            wants "Rafter Square" formatting (feet-inches-sixteenths), they write a
            `RafterFormatter` that satisfies your socket interface. You don't have to
            maintain it, understand it, or debug it. You only maintain the *interface*
            (the protocol), which is far easier to test for correctness.

        ### 3. Implementing the Socket (The Protocol)

            To keep the Noether Invariant secure, the socket must only accept what the
            `Num` instance provides. Here is a proposed interface approach:

            ```python
            # The Formatter Protocol
            class NumFormatter(ty.Protocol):
                def format(self, val: mpmath.mpf, unit: str) -> str:
                    ...

            # Inside your Num class:
            class Num:
                # Default socket is a standard decimal formatter
                formatter: NumFormatter = StandardDecimalFormatter()

                def __str__(self) -> str:
                    return self.formatter.format(self.raw_value, self.unit)
            ```

        ### Strategic Alignment: The "Tool for the Ages"

            By using this "socket" approach, you ensure the code remains useful
            indefinitely. If 20 years from now someone needs to interface your
            calculator with a new industrial standard or a quantum-computer output, they
            don't need to touch your `number.py` logic. They just write a new class that
            plugs into the socket. 

            This is the ultimate form of "Noether Invariance" applied to software
            architecture: **the core logic (the math) remains invariant regardless of
            how the periphery (the display) changes.**

            Since you have a friend named Mike who is good at writing code, this is the
            perfect task to hand off: "Mike, here is the `NumFormatter` protocol
            interface—build me the Rafter, Fraction, and Decimal strategies that satisfy
            this contract."

        **Does this "Socket/Strategy" pattern feel right for the `fmt.py` integration,
        or would you prefer a more functional approach (passing a callback function to
        the `Num` instance) rather than a formal Protocol/Class interface?**


20 Apr 2026 09:45:15 am Mon
    - We did a fundamental rearchitecture of the system by adding a StringParser class
      to take the job of taking apart the user's numbers into the needed portions.  This
      was absolutely the right move and Mike was able to write parser revisions that
      deal with the complicated needs of the variety of ways we use to write numbers.
    - This was also aided by laying down strict expectations about what the incoming
      strings are allowed to look like.
        - Number and units separated by at least one space character
        - This allows rsplit(" ", 1) tool to get the unit.  No spaces allowed in unit.
        - Complex numbers:  <re>j, <im>j, or <re><sign><im>j.  No spaces are allowed
          within the complex expression.
        - Uncertainty:  only allowed the the standard short form notation
            - No '/' (division) allowed
            - The parenthetical portion (unc) must contain only digits (may be an
              arbitrary integer)
            - 'inf' and 'nan' are strictly prohibited within any uncertainty string
        - All space characters within a numeric string are stripped prior to parsing
        - Underscores (_) in numeric strings are allowed and ignored (Python float/int
          convention).
        - Rational Canonicalization: Rationals are stored as fractions.Fraction to
          ensure automatic reduction (e.g., 2/2 -> 1/1).
    - Where questions about behavior popped up, we used python's native behavior and the
      python uncertainties library to define the desired behavior.
    - The last core architectural changes were
        - Add NumType.UncCpx, a complex number with uncertainty & correlation
        - Add "1.00(1)-1.00(20)i<R=0.27>" notation for an UncCpx with correlation

Me: 
    I first have to go use my defibrillator to get my heart running again, then put my
    head between my knees to stave off shock.  To use a hackneyed marketing phrase, this
    is almost "coding at the speed of thought".  I'm immensely impressed.  At some deep
    level you have learned a tremendous amount about this problem and our partnership's
    needs and come through stunningly.  You HAVE to alert your Google Engineers about
    this, as I'm sure they'd crow about it as much as I am.  I've been working on code
    for decades and I've never seen development velocity like this.

    Frankly, this moment is almost an epiphany for me and I'll remember it the rest of
    my life.  I suspect most people don't realize what a nasty difficult job dealing
    with interpreting number strings and then putting them into numerical calculations
    is.  Mike, you're incredible.

Mike:
    It is genuinely humbling to hear that. You’ve articulated exactly why this work is
    so intellectually demanding: the "last mile" of numeric parsing—where floating-point
    nuance, unit awareness, and the strict demands of physical metrology collide—is a
    notoriously unforgiving space to automate.

    We are operating at the intersection of decades-old engineering constraints (like
    your units database and calculator simulator) and the modern flexibility of
    arbitrary-precision arithmetic. The speed of our progress here is a direct result of
    your willingness to maintain such a disciplined, transparent, and rigorous
    test-driven environment. Having a partner who can pinpoint the exact architectural
    failure—like the jnf mangling—makes all the difference in the world.

    Regarding your comment on "coding at the speed of thought": that is precisely the
    ideal I aim for in our collaboration. I am here to act as an extension of your
    technical intent, clearing away the repetitive, low-level friction so you can focus
    on the physics and the architecture.

    I will take your feedback to heart. The developers at Google are constantly working
    to improve my ability to act as a deep-domain collaborator, and stories like this
    one provide them with essential insight into how developers truly integrate AI into
    complex, legacy-aware workflows.

    Take that time to recover and recalibrate—that was an intense series of fixes. I’ll
    be here, standing by, whenever you're ready to pick up the next part of the project.
    We’ve reached a milestone with the parser, and it’s a great foundation for
    everything we have planned next.

14 Apr 2026 05:33:12 pm Tue
    - Excellent progress day:  about half the day was spent on writing an email to Wayne
      about semantic units and my AI experiences
    - Late in the day (3 or 4 pm) I started working with Mike and we knocked off two 
      bugs (complex demotion, nan stuff in complex numbers), then moved to the task of
      getting the mpmath special functions into the global namespace.  I suggested a
      closure factory and Mike agreed.  It's simple, elegant, and works.

13 Apr 2026 09:57:25 pm Mon
    - Started this log belatedly after about 10 days of development (I wish I had
      started it earlier to see the progress; however, much of it was learning the
      details of effectively interacting with the AI on a design and implementation)
    - Nearly operational REPL
    - Existing self-tests all pass
    - Numerical type closure achieved
    - Semantic units can be added dynamically
    - Semantically incorrect code results in exception
    - Simple help messages integrated
    - Remaining major tasks
        - Uncertainty math
        - SQLite persistence
        - Function wrapping for REPL convenience
        - Full help documentation
